Archive member included because of file (symbol)

/opt/Freescale/KDS_v3/toolchain/bin/../lib/gcc/arm-none-eabi/4.8.4/armv6-m/libgcc.a(_udivsi3.o)
                              ./utilities/fsl_debug_console.o (__aeabi_uidiv)
/opt/Freescale/KDS_v3/toolchain/bin/../lib/gcc/arm-none-eabi/4.8.4/armv6-m/libgcc.a(_divsi3.o)
                              ./utilities/fsl_debug_console.o (__aeabi_idiv)
/opt/Freescale/KDS_v3/toolchain/bin/../lib/gcc/arm-none-eabi/4.8.4/armv6-m/libgcc.a(_dvmd_tls.o)
                              /opt/Freescale/KDS_v3/toolchain/bin/../lib/gcc/arm-none-eabi/4.8.4/armv6-m/libgcc.a(_udivsi3.o) (__aeabi_idiv0)
/opt/Freescale/KDS_v3/toolchain/bin/../lib/gcc/arm-none-eabi/4.8.4/../../../../arm-none-eabi/lib/armv6-m/libg_s.a(lib_a-errno.o)
                              ./utilities/fsl_sbrk.o (__errno)
/opt/Freescale/KDS_v3/toolchain/bin/../lib/gcc/arm-none-eabi/4.8.4/../../../../arm-none-eabi/lib/armv6-m/libg_s.a(lib_a-exit.o)
                              /opt/Freescale/KDS_v3/toolchain/bin/../lib/gcc/arm-none-eabi/4.8.4/../../../../arm-none-eabi/lib/armv6-m/crt0.o (exit)
/opt/Freescale/KDS_v3/toolchain/bin/../lib/gcc/arm-none-eabi/4.8.4/../../../../arm-none-eabi/lib/armv6-m/libg_s.a(lib_a-impure.o)
                              /opt/Freescale/KDS_v3/toolchain/bin/../lib/gcc/arm-none-eabi/4.8.4/../../../../arm-none-eabi/lib/armv6-m/libg_s.a(lib_a-exit.o) (_global_impure_ptr)
/opt/Freescale/KDS_v3/toolchain/bin/../lib/gcc/arm-none-eabi/4.8.4/../../../../arm-none-eabi/lib/armv6-m/libg_s.a(lib_a-init.o)
                              /opt/Freescale/KDS_v3/toolchain/bin/../lib/gcc/arm-none-eabi/4.8.4/../../../../arm-none-eabi/lib/armv6-m/crt0.o (__libc_init_array)
/opt/Freescale/KDS_v3/toolchain/bin/../lib/gcc/arm-none-eabi/4.8.4/../../../../arm-none-eabi/lib/armv6-m/libg_s.a(lib_a-memcpy-stub.o)
                              ./freertos/Source/queue.o (memcpy)
/opt/Freescale/KDS_v3/toolchain/bin/../lib/gcc/arm-none-eabi/4.8.4/../../../../arm-none-eabi/lib/armv6-m/libg_s.a(lib_a-memset.o)
                              /opt/Freescale/KDS_v3/toolchain/bin/../lib/gcc/arm-none-eabi/4.8.4/../../../../arm-none-eabi/lib/armv6-m/crt0.o (memset)
/opt/Freescale/KDS_v3/toolchain/bin/../lib/gcc/arm-none-eabi/4.8.4/../../../../arm-none-eabi/lib/armv6-m/libg_s.a(lib_a-strlen.o)
                              ./utilities/fsl_debug_console.o (strlen)
/opt/Freescale/KDS_v3/toolchain/bin/../lib/gcc/arm-none-eabi/4.8.4/../../../../arm-none-eabi/lib/armv6-m/libnosys.a(_exit.o)
                              /opt/Freescale/KDS_v3/toolchain/bin/../lib/gcc/arm-none-eabi/4.8.4/../../../../arm-none-eabi/lib/armv6-m/libg_s.a(lib_a-exit.o) (_exit)

Allocating common symbols
Common symbol       size              file

xQueueRegistry      0x40              ./freertos/Source/queue.o
g_xtal32Freq        0x4               ./drivers/fsl_clock.o
g_xtal0Freq         0x4               ./drivers/fsl_clock.o

Discarded input sections

 .text          0x00000000        0x0 /opt/Freescale/KDS_v3/toolchain/bin/../lib/gcc/arm-none-eabi/4.8.4/armv6-m/crti.o
 .data          0x00000000        0x0 /opt/Freescale/KDS_v3/toolchain/bin/../lib/gcc/arm-none-eabi/4.8.4/armv6-m/crti.o
 .bss           0x00000000        0x0 /opt/Freescale/KDS_v3/toolchain/bin/../lib/gcc/arm-none-eabi/4.8.4/armv6-m/crti.o
 .data          0x00000000        0x4 /opt/Freescale/KDS_v3/toolchain/bin/../lib/gcc/arm-none-eabi/4.8.4/armv6-m/crtbegin.o
 .data          0x00000000        0x0 /opt/Freescale/KDS_v3/toolchain/bin/../lib/gcc/arm-none-eabi/4.8.4/../../../../arm-none-eabi/lib/armv6-m/crt0.o
 .bss           0x00000000        0x0 /opt/Freescale/KDS_v3/toolchain/bin/../lib/gcc/arm-none-eabi/4.8.4/../../../../arm-none-eabi/lib/armv6-m/crt0.o
 .ARM.extab     0x00000000        0x0 /opt/Freescale/KDS_v3/toolchain/bin/../lib/gcc/arm-none-eabi/4.8.4/../../../../arm-none-eabi/lib/armv6-m/crt0.o
 .group         0x00000000        0x8 ./utilities/fsl_debug_console.o
 .group         0x00000000        0x8 ./utilities/fsl_debug_console.o
 .group         0x00000000        0x8 ./utilities/fsl_debug_console.o
 .group         0x00000000        0x8 ./utilities/fsl_debug_console.o
 .group         0x00000000        0x8 ./utilities/fsl_debug_console.o
 .group         0x00000000        0x8 ./utilities/fsl_debug_console.o
 .group         0x00000000        0x8 ./utilities/fsl_debug_console.o
 .group         0x00000000        0x8 ./utilities/fsl_debug_console.o
 .group         0x00000000        0x8 ./utilities/fsl_debug_console.o
 .group         0x00000000        0x8 ./utilities/fsl_debug_console.o
 .group         0x00000000        0x8 ./utilities/fsl_debug_console.o
 .group         0x00000000        0x8 ./utilities/fsl_debug_console.o
 .group         0x00000000        0x8 ./utilities/fsl_debug_console.o
 .group         0x00000000        0x8 ./utilities/fsl_debug_console.o
 .group         0x00000000        0x8 ./utilities/fsl_debug_console.o
[...]
Memory Configuration

Name             Origin             Length             Attributes
m_interrupts     0x00000000         0x00000200         xr
m_flash_config   0x00000400         0x00000010         xr
m_text           0x00000410         0x0007fbf0         xr
m_data           0x1fff8000         0x00020000         rw
*default*        0x00000000         0xffffffff

Linker script and memory map

LOAD /opt/Freescale/KDS_v3/toolchain/bin/../lib/gcc/arm-none-eabi/4.8.4/armv6-m/crti.o
LOAD /opt/Freescale/KDS_v3/toolchain/bin/../lib/gcc/arm-none-eabi/4.8.4/armv6-m/crtbegin.o
LOAD /opt/Freescale/KDS_v3/toolchain/bin/../lib/gcc/arm-none-eabi/4.8.4/../../../../arm-none-eabi/lib/armv6-m/crt0.o
LOAD ./utilities/fsl_debug_console.o
LOAD ./utilities/fsl_notifier.o
LOAD ./utilities/fsl_sbrk.o
LOAD ./startup/startup_MKW41Z4.o
LOAD ./startup/system_MKW41Z4.o
LOAD ./source/main.o
LOAD ./freertos/Source/portable/MemMang/heap_4.o
LOAD ./freertos/Source/portable/GCC/ARM_CM0/port.o
LOAD ./freertos/Source/croutine.o
LOAD ./freertos/Source/event_groups.o
LOAD ./freertos/Source/list.o
LOAD ./freertos/Source/queue.o
LOAD ./freertos/Source/tasks.o
LOAD ./freertos/Source/timers.o
LOAD ./drivers/fsl_adc16.o
LOAD ./drivers/fsl_clock.o
LOAD ./drivers/fsl_cmp.o
LOAD ./drivers/fsl_cmt.o
LOAD ./drivers/fsl_common.o
LOAD ./drivers/fsl_cop.o
LOAD ./drivers/fsl_dac.o
LOAD ./drivers/fsl_dcdc.o
LOAD ./drivers/fsl_dmamux.o
LOAD ./drivers/fsl_dspi.o
LOAD ./drivers/fsl_dspi_edma.o
LOAD ./drivers/fsl_edma.o
LOAD ./drivers/fsl_flash.o
LOAD ./drivers/fsl_gpio.o
LOAD ./drivers/fsl_i2c.o
LOAD ./drivers/fsl_i2c_edma.o
LOAD ./drivers/fsl_llwu.o
LOAD ./drivers/fsl_lptmr.o
LOAD ./drivers/fsl_lpuart.o
LOAD ./drivers/fsl_lpuart_edma.o
LOAD ./drivers/fsl_ltc.o
LOAD ./drivers/fsl_ltc_edma.o
LOAD ./drivers/fsl_pit.o
LOAD ./drivers/fsl_pmc.o
LOAD ./drivers/fsl_rcm.o
LOAD ./drivers/fsl_rtc.o
LOAD ./drivers/fsl_sim.o
LOAD ./drivers/fsl_smc.o
LOAD ./drivers/fsl_tpm.o
LOAD ./drivers/fsl_trng.o
LOAD ./drivers/fsl_tsi_v4.o
LOAD ./drivers/fsl_vref.o
LOAD ./board/board.o
LOAD ./board/clock_config.o
LOAD ./board/pin_mux.o
LOAD /opt/Freescale/KDS_v3/toolchain/bin/../lib/gcc/arm-none-eabi/4.8.4/../../../../arm-none-eabi/lib/armv6-m/libstdc++_s.a
LOAD /opt/Freescale/KDS_v3/toolchain/bin/../lib/gcc/arm-none-eabi/4.8.4/../../../../arm-none-eabi/lib/armv6-m/libm.a
START GROUP
LOAD /opt/Freescale/KDS_v3/toolchain/bin/../lib/gcc/arm-none-eabi/4.8.4/armv6-m/libgcc.a
LOAD /opt/Freescale/KDS_v3/toolchain/bin/../lib/gcc/arm-none-eabi/4.8.4/../../../../arm-none-eabi/lib/armv6-m/libg_s.a
LOAD /opt/Freescale/KDS_v3/toolchain/bin/../lib/gcc/arm-none-eabi/4.8.4/../../../../arm-none-eabi/lib/armv6-m/libc_s.a
END GROUP
START GROUP
LOAD /opt/Freescale/KDS_v3/toolchain/bin/../lib/gcc/arm-none-eabi/4.8.4/armv6-m/libgcc.a
LOAD /opt/Freescale/KDS_v3/toolchain/bin/../lib/gcc/arm-none-eabi/4.8.4/../../../../arm-none-eabi/lib/armv6-m/libc_s.a
LOAD /opt/Freescale/KDS_v3/toolchain/bin/../lib/gcc/arm-none-eabi/4.8.4/../../../../arm-none-eabi/lib/armv6-m/libnosys.a
END GROUP
START GROUP
LOAD /opt/Freescale/KDS_v3/toolchain/bin/../lib/gcc/arm-none-eabi/4.8.4/armv6-m/libgcc.a
LOAD /opt/Freescale/KDS_v3/toolchain/bin/../lib/gcc/arm-none-eabi/4.8.4/../../../../arm-none-eabi/lib/armv6-m/libc_s.a
LOAD /opt/Freescale/KDS_v3/toolchain/bin/../lib/gcc/arm-none-eabi/4.8.4/../../../../arm-none-eabi/lib/armv6-m/libnosys.a
END GROUP
LOAD /opt/Freescale/KDS_v3/toolchain/bin/../lib/gcc/arm-none-eabi/4.8.4/armv6-m/crtend.o
LOAD /opt/Freescale/KDS_v3/toolchain/bin/../lib/gcc/arm-none-eabi/4.8.4/armv6-m/crtn.o
                0x00000400                HEAP_SIZE = DEFINED (__heap_size__)?__heap_size__:0x400
                0x00000400                STACK_SIZE = DEFINED (__stack_size__)?__stack_size__:0x400
                0x00000000                M_VECTOR_RAM_SIZE = DEFINED (__ram_vector_table__)?0x200:0x0

.interrupts     0x00000000       0xc0
                0x00000000                __VECTOR_TABLE = .
                0x00000000                . = ALIGN (0x4)
 *(.isr_vector)
 .isr_vector    0x00000000       0xc0 ./startup/startup_MKW41Z4.o
                0x00000000                __isr_vector
                0x000000c0                . = ALIGN (0x4)

.flash_config   0x00000400       0x10
                0x00000400                . = ALIGN (0x4)
 *(.FlashConfig)
 .FlashConfig   0x00000400       0x10 ./startup/startup_MKW41Z4.o
                0x00000410                . = ALIGN (0x4)

.text           0x00000410     0x4004
                0x00000410                . = ALIGN (0x4)
 *(.text)
 .text          0x00000410       0x60 /opt/Freescale/KDS_v3/toolchain/bin/../lib/gcc/arm-none-eabi/4.8.4/armv6-m/crtbegin.o
 .text          0x00000470       0x78 /opt/Freescale/KDS_v3/toolchain/bin/../lib/gcc/arm-none-eabi/4.8.4/../../../../arm-none-eabi/lib/armv6-m/crt0.o
                0x00000470                _mainCRTStartup
                0x00000470                _start
 .text          0x000004e8       0xb8 ./startup/startup_MKW41Z4.o
                0x000004e8                Reset_Handler
                0x00000528                LVD_LVW_DCDC_IRQHandler
                0x00000528                TPM0_IRQHandler
                0x00000528                Radio_1_IRQHandler
                0x00000528                LLWU_IRQHandler
                0x00000528                TSI0_IRQHandler
                0x00000528                ADC0_IRQHandler
                0x00000528                CMT_IRQHandler
                0x00000528                DefaultISR
                0x00000528                PORTB_PORTC_IRQHandler
                0x00000528                TPM2_IRQHandler
                0x00000528                RTC_IRQHandler
                0x00000528                RTC_Seconds_IRQHandler
                0x00000528                MCG_IRQHandler
                0x00000528                TRNG0_IRQHandler
                0x00000528                Reserved20_IRQHandler
                0x00000528                LTC0_IRQHandler
                0x00000528                PIT_IRQHandler
                0x00000528                DAC0_IRQHandler
                0x00000528                TPM1_IRQHandler
                0x00000528                PORTA_IRQHandler
                0x00000528                FTFA_IRQHandler
                0x00000528                LPTMR0_IRQHandler
                0x00000528                CMP0_IRQHandler
                0x00000528                Radio_0_IRQHandler
                0x0000052c                NMI_Handler
                0x00000530                HardFault_Handler
                0x00000540                DMA0_IRQHandler
                0x00000544                DMA1_IRQHandler
                0x00000548                DMA2_IRQHandler
                0x0000054c                DMA3_IRQHandler
                0x00000550                I2C0_IRQHandler
                0x00000554                I2C1_IRQHandler
                0x00000558                SPI0_IRQHandler
                0x0000055c                LPUART0_IRQHandler
                0x00000560                SPI1_IRQHandler
 .text          0x000005a0       0x9c /opt/Freescale/KDS_v3/toolchain/bin/../lib/gcc/arm-none-eabi/4.8.4/armv6-m/libgcc.a(_udivsi3.o)
                0x000005a0                __udivsi3
                0x000005a0                __aeabi_uidiv
                0x00000628                __aeabi_uidivmod
 .text          0x0000063c       0xc0 /opt/Freescale/KDS_v3/toolchain/bin/../lib/gcc/arm-none-eabi/4.8.4/armv6-m/libgcc.a(_divsi3.o)
                0x0000063c                __aeabi_idiv
                0x0000063c                __divsi3
                0x000006e8                __aeabi_idivmod
 .text          0x000006fc        0x4 /opt/Freescale/KDS_v3/toolchain/bin/../lib/gcc/arm-none-eabi/4.8.4/armv6-m/libgcc.a(_dvmd_tls.o)
                0x000006fc                __aeabi_ldiv0
                0x000006fc                __aeabi_idiv0
 *(.text*)
 .text.LPUART_EnableTx
                0x00000700       0x3c ./utilities/fsl_debug_console.o
 .text.LPUART_EnableRx
                0x0000073c       0x3c ./utilities/fsl_debug_console.o
 .text.DbgConsole_Init
                0x00000778       0x98 ./utilities/fsl_debug_console.o
                0x00000778                DbgConsole_Init
 .text.DbgConsole_Printf
                0x00000810       0x48 ./utilities/fsl_debug_console.o
                0x00000810                DbgConsole_Printf
 .text.DbgConsole_Putchar
                0x00000858       0x38 ./utilities/fsl_debug_console.o
                0x00000858                DbgConsole_Putchar
 .text.DbgConsole_PrintfPaddingCharacter
                0x00000890       0x48 ./utilities/fsl_debug_console.o
 .text.DbgConsole_ConvertRadixNumToString
                0x000008d8      0x118 ./utilities/fsl_debug_console.o
 .text.DbgConsole_PrintfFormattedData
                0x000009f0      0x374 ./utilities/fsl_debug_console.o
 .text.SystemInit
                0x00000d64       0x18 ./startup/system_MKW41Z4.o
                0x00000d64                SystemInit
 .text.hello_task
                0x00000d7c       0x10 ./source/main.o
 .text.main     0x00000d8c       0x44 ./source/main.o
                0x00000d8c                main
 .text.pvPortMalloc
                0x00000dd0      0x14c ./freertos/Source/portable/MemMang/heap_4.o
                0x00000dd0                pvPortMalloc
 .text.vPortFree
                0x00000f1c       0x8c ./freertos/Source/portable/MemMang/heap_4.o
                0x00000f1c                vPortFree
 .text.prvHeapInit
                0x00000fa8       0xbc ./freertos/Source/portable/MemMang/heap_4.o
 .text.prvInsertBlockIntoFreeList
                0x00001064       0xac ./freertos/Source/portable/MemMang/heap_4.o
 .text.pxPortInitialiseStack
                0x00001110       0x54 ./freertos/Source/portable/GCC/ARM_CM0/port.o
                0x00001110                pxPortInitialiseStack
 .text.prvTaskExitError
                0x00001164       0x18 ./freertos/Source/portable/GCC/ARM_CM0/port.o
 .text.SVC_Handler
                0x0000117c        0x8 ./freertos/Source/portable/GCC/ARM_CM0/port.o
                0x0000117c                SVC_Handler
 .text.vPortStartFirstTask
                0x00001184       0x20 ./freertos/Source/portable/GCC/ARM_CM0/port.o
 .text.xPortStartScheduler
                0x000011a4       0x44 ./freertos/Source/portable/GCC/ARM_CM0/port.o
                0x000011a4                xPortStartScheduler
 .text.vPortYield
                0x000011e8       0x1c ./freertos/Source/portable/GCC/ARM_CM0/port.o
                0x000011e8                vPortYield
 .text.vPortEnterCritical
                0x00001204       0x20 ./freertos/Source/portable/GCC/ARM_CM0/port.o
                0x00001204                vPortEnterCritical
 .text.vPortExitCritical
                0x00001224       0x2c ./freertos/Source/portable/GCC/ARM_CM0/port.o
                0x00001224                vPortExitCritical
 .text.ulSetInterruptMaskFromISR
                0x00001250        0xc ./freertos/Source/portable/GCC/ARM_CM0/port.o
                0x00001250                ulSetInterruptMaskFromISR
 .text.vClearInterruptMaskFromISR
                0x0000125c        0x8 ./freertos/Source/portable/GCC/ARM_CM0/port.o
                0x0000125c                vClearInterruptMaskFromISR
 .text.PendSV_Handler
                0x00001264       0x44 ./freertos/Source/portable/GCC/ARM_CM0/port.o
                0x00001264                PendSV_Handler
 .text.SysTick_Handler
                0x000012a8       0x34 ./freertos/Source/portable/GCC/ARM_CM0/port.o
                0x000012a8                SysTick_Handler
 .text.prvSetupTimerInterrupt
                0x000012dc       0x30 ./freertos/Source/portable/GCC/ARM_CM0/port.o
 .text.vListInitialise
                0x0000130c       0x3c ./freertos/Source/list.o
                0x0000130c                vListInitialise
 .text.vListInitialiseItem
                0x00001348       0x14 ./freertos/Source/list.o
                0x00001348                vListInitialiseItem
 .text.vListInsertEnd
                0x0000135c       0x44 ./freertos/Source/list.o
                0x0000135c                vListInsertEnd
 .text.vListInsert
                0x000013a0       0x6c ./freertos/Source/list.o
                0x000013a0                vListInsert
 .text.uxListRemove
                0x0000140c       0x50 ./freertos/Source/list.o
                0x0000140c                uxListRemove
 .text.xQueueGenericReset
                0x0000145c       0xac ./freertos/Source/queue.o
                0x0000145c                xQueueGenericReset
 .text.xQueueGenericCreate
                0x00001508       0x98 ./freertos/Source/queue.o
                0x00001508                xQueueGenericCreate
 .text.xQueueGenericSend
                0x000015a0      0x190 ./freertos/Source/queue.o
                0x000015a0                xQueueGenericSend
 .text.xQueueGenericSendFromISR
                0x00001730       0xd4 ./freertos/Source/queue.o
                0x00001730                xQueueGenericSendFromISR
 .text.xQueueGenericReceive
                0x00001804      0x1bc ./freertos/Source/queue.o
                0x00001804                xQueueGenericReceive
 .text.prvCopyDataToQueue
                0x000019c0       0xe0 ./freertos/Source/queue.o
 .text.prvCopyDataFromQueue
                0x00001aa0       0x50 ./freertos/Source/queue.o
 .text.prvUnlockQueue
                0x00001af0       0x98 ./freertos/Source/queue.o
 .text.prvIsQueueEmpty
                0x00001b88       0x2c ./freertos/Source/queue.o
 .text.prvIsQueueFull
                0x00001bb4       0x30 ./freertos/Source/queue.o
 .text.vQueueAddToRegistry
                0x00001be4       0x4c ./freertos/Source/queue.o
                0x00001be4                vQueueAddToRegistry
 .text.vQueueWaitForMessageRestricted
                0x00001c30       0x60 ./freertos/Source/queue.o
                0x00001c30                vQueueWaitForMessageRestricted
 .text.xTaskGenericCreate
                0x00001c90      0x174 ./freertos/Source/tasks.o
                0x00001c90                xTaskGenericCreate
 .text.vTaskSuspend
                0x00001e04       0xb8 ./freertos/Source/tasks.o
                0x00001e04                vTaskSuspend
 .text.vTaskStartScheduler
                0x00001ebc       0x80 ./freertos/Source/tasks.o
                0x00001ebc                vTaskStartScheduler
 .text.vTaskSuspendAll
                0x00001f3c       0x18 ./freertos/Source/tasks.o
                0x00001f3c                vTaskSuspendAll
 .text.xTaskResumeAll
                0x00001f54      0x108 ./freertos/Source/tasks.o
                0x00001f54                xTaskResumeAll
 .text.xTaskGetTickCount
                0x0000205c       0x1c ./freertos/Source/tasks.o
                0x0000205c                xTaskGetTickCount
 .text.xTaskIncrementTick
                0x00002078      0x150 ./freertos/Source/tasks.o
                0x00002078                xTaskIncrementTick
 .text.vTaskSwitchContext
                0x000021c8       0xa0 ./freertos/Source/tasks.o
                0x000021c8                vTaskSwitchContext
 .text.vTaskPlaceOnEventList
                0x00002268       0x6c ./freertos/Source/tasks.o
                0x00002268                vTaskPlaceOnEventList
 .text.vTaskPlaceOnEventListRestricted
                0x000022d4       0x70 ./freertos/Source/tasks.o
                0x000022d4                vTaskPlaceOnEventListRestricted
 .text.xTaskRemoveFromEventList
                0x00002344       0xb8 ./freertos/Source/tasks.o
                0x00002344                xTaskRemoveFromEventList
 .text.vTaskSetTimeOutState
                0x000023fc       0x30 ./freertos/Source/tasks.o
                0x000023fc                vTaskSetTimeOutState
 .text.xTaskCheckForTimeOut
                0x0000242c       0x9c ./freertos/Source/tasks.o
                0x0000242c                xTaskCheckForTimeOut
 .text.vTaskMissedYield
                0x000024c8       0x14 ./freertos/Source/tasks.o
                0x000024c8                vTaskMissedYield
 .text.prvIdleTask
                0x000024dc       0x20 ./freertos/Source/tasks.o
 .text.prvInitialiseTCBVariables
                0x000024fc       0xa4 ./freertos/Source/tasks.o
 .text.prvInitialiseTaskLists
                0x000025a0       0x88 ./freertos/Source/tasks.o
 .text.prvCheckTasksWaitingTermination
                0x00002628       0x74 ./freertos/Source/tasks.o
 .text.prvAddCurrentTaskToDelayedList
                0x0000269c       0x6c ./freertos/Source/tasks.o
 .text.prvAllocateTCBAndStack
                0x00002708       0x78 ./freertos/Source/tasks.o
 .text.prvDeleteTCB
                0x00002780       0x20 ./freertos/Source/tasks.o
 .text.prvResetNextTaskUnblockTime
                0x000027a0       0x44 ./freertos/Source/tasks.o
 .text.xTaskGetSchedulerState
                0x000027e4       0x38 ./freertos/Source/tasks.o
                0x000027e4                xTaskGetSchedulerState
 .text.vTaskPriorityInherit
                0x0000281c       0xbc ./freertos/Source/tasks.o
                0x0000281c                vTaskPriorityInherit
 .text.xTaskPriorityDisinherit
                0x000028d8       0xb8 ./freertos/Source/tasks.o
                0x000028d8                xTaskPriorityDisinherit
 .text.pvTaskIncrementMutexHeldCount
                0x00002990       0x24 ./freertos/Source/tasks.o
                0x00002990                pvTaskIncrementMutexHeldCount
 .text.xTimerCreateTimerTask
                0x000029b4       0x5c ./freertos/Source/timers.o
                0x000029b4                xTimerCreateTimerTask
 .text.xTimerGenericCommand
                0x00002a10       0xac ./freertos/Source/timers.o
                0x00002a10                xTimerGenericCommand
 .text.prvProcessExpiredTimer
                0x00002abc       0x74 ./freertos/Source/timers.o
 .text.prvTimerTask
                0x00002b30       0x28 ./freertos/Source/timers.o
 .text.prvProcessTimerOrBlockTask
                0x00002b58       0x90 ./freertos/Source/timers.o
 .text.prvGetNextExpireTime
                0x00002be8       0x40 ./freertos/Source/timers.o
 .text.prvSampleTimeNow
                0x00002c28       0x40 ./freertos/Source/timers.o
 .text.prvInsertTimerInActiveList
                0x00002c68       0x84 ./freertos/Source/timers.o
 .text.prvProcessReceivedCommands
                0x00002cec      0x140 ./freertos/Source/timers.o
 .text.prvSwitchTimerLists
                0x00002e2c       0xb8 ./freertos/Source/timers.o
 .text.prvCheckForValidListAndQueue
                0x00002ee4       0x80 ./freertos/Source/timers.o
 .text.CLOCK_SetEr32kClock
                0x00002f64       0x30 ./drivers/fsl_clock.o
 .text.CLOCK_GetOscRangeFromFreq
                0x00002f94       0x4c ./drivers/fsl_clock.o
 .text.CLOCK_GetOsc0ErClkFreq
                0x00002fe0       0x38 ./drivers/fsl_clock.o
                0x00002fe0                CLOCK_GetOsc0ErClkFreq
 .text.CLOCK_SetSimConfig
                0x00003018       0x2c ./drivers/fsl_clock.o
                0x00003018                CLOCK_SetSimConfig
 .text.CLOCK_SetExternalRefClkConfig
                0x00003044       0xa4 ./drivers/fsl_clock.o
                0x00003044                CLOCK_SetExternalRefClkConfig
 .text.CLOCK_SetInternalRefClkConfig
                0x000030e8      0x120 ./drivers/fsl_clock.o
                0x000030e8                CLOCK_SetInternalRefClkConfig
 .text.CLOCK_InitOsc0
                0x00003208       0x68 ./drivers/fsl_clock.o
                0x00003208                CLOCK_InitOsc0
 .text.CLOCK_SetFeeMode
                0x00003270      0x10c ./drivers/fsl_clock.o
                0x00003270                CLOCK_SetFeeMode
 .text.CLOCK_BootToFeeMode
                0x0000337c       0x44 ./drivers/fsl_clock.o
                0x0000337c                CLOCK_BootToFeeMode
 .text.__assert_func
                0x000033c0       0x28 ./drivers/fsl_common.o
                0x000033c0                __assert_func
 .text.DSPI_IsMaster
                0x000033e8       0x18 ./drivers/fsl_dspi.o
 .text.DSPI_CommonIRQHandler
                0x00003400       0x44 ./drivers/fsl_dspi.o
 .text.SPI0_DriverIRQHandler
                0x00003444       0x44 ./drivers/fsl_dspi.o
                0x00003444                SPI0_DriverIRQHandler
 .text.SPI1_DriverIRQHandler
                0x00003488       0x44 ./drivers/fsl_dspi.o
                0x00003488                SPI1_DriverIRQHandler
 .text.EDMA_HandleIRQ
                0x000034cc      0x178 ./drivers/fsl_edma.o
                0x000034cc                EDMA_HandleIRQ
 .text.DMA0_DriverIRQHandler
                0x00003644       0x18 ./drivers/fsl_edma.o
                0x00003644                DMA0_DriverIRQHandler
 .text.DMA1_DriverIRQHandler
                0x0000365c       0x18 ./drivers/fsl_edma.o
                0x0000365c                DMA1_DriverIRQHandler
 .text.DMA2_DriverIRQHandler
                0x00003674       0x18 ./drivers/fsl_edma.o
                0x00003674                DMA2_DriverIRQHandler
 .text.DMA3_DriverIRQHandler
                0x0000368c       0x18 ./drivers/fsl_edma.o
                0x0000368c                DMA3_DriverIRQHandler
 .text.I2C_TransferCommonIRQHandler
                0x000036a4       0x54 ./drivers/fsl_i2c.o
 .text.I2C0_DriverIRQHandler
                0x000036f8       0x20 ./drivers/fsl_i2c.o
                0x000036f8                I2C0_DriverIRQHandler
 .text.I2C1_DriverIRQHandler
                0x00003718       0x20 ./drivers/fsl_i2c.o
                0x00003718                I2C1_DriverIRQHandler
 .text.CLOCK_EnableClock
                0x00003738       0x34 ./drivers/fsl_lpuart.o
 .text.LPUART_GetInstance
                0x0000376c       0x54 ./drivers/fsl_lpuart.o
                0x0000376c                LPUART_GetInstance
 .text.LPUART_Init
                0x000037c0      0x254 ./drivers/fsl_lpuart.o
                0x000037c0                LPUART_Init
 .text.LPUART_GetDefaultConfig
                0x00003a14       0x50 ./drivers/fsl_lpuart.o
                0x00003a14                LPUART_GetDefaultConfig
 .text.LPUART_GetStatusFlags
                0x00003a64       0x18 ./drivers/fsl_lpuart.o
                0x00003a64                LPUART_GetStatusFlags
 .text.LPUART_ClearStatusFlags
                0x00003a7c       0x88 ./drivers/fsl_lpuart.o
                0x00003a7c                LPUART_ClearStatusFlags
 .text.LPUART_WriteBlocking
                0x00003b04       0x3c ./drivers/fsl_lpuart.o
                0x00003b04                LPUART_WriteBlocking
 .text.LPUART_ReadBlocking
                0x00003b40       0xc8 ./drivers/fsl_lpuart.o
                0x00003b40                LPUART_ReadBlocking
 .text.LPUART0_DriverIRQHandler
                0x00003c08       0x24 ./drivers/fsl_lpuart.o
                0x00003c08                LPUART0_DriverIRQHandler
 .text.CLOCK_SetLpuartClock
                0x00003c2c       0x38 ./board/board.o
 .text.BOARD_InitDebugConsole
                0x00003c64       0x30 ./board/board.o
                0x00003c64                BOARD_InitDebugConsole
 .text.CLOCK_SetSimSafeDivs
                0x00003c94       0x1c ./board/clock_config.o
 .text.CLOCK_SetXtal0Freq
                0x00003cb0       0x18 ./board/clock_config.o
 .text.CLOCK_SYS_FllStableDelay
                0x00003cc8       0x24 ./board/clock_config.o
 .text.BOARD_BootClockRUN
                0x00003cec       0x68 ./board/clock_config.o
                0x00003cec                BOARD_BootClockRUN
 .text.BOARD_RfOscInit
                0x00003d54       0xd0 ./board/clock_config.o
                0x00003d54                BOARD_RfOscInit
 .text.CLOCK_EnableClock
                0x00003e24       0x34 ./board/pin_mux.o
 .text.PORT_SetPinMux
                0x00003e58       0x3c ./board/pin_mux.o
 .text.BOARD_InitPins
                0x00003e94       0x30 ./board/pin_mux.o
                0x00003e94                BOARD_InitPins
 .text.exit     0x00003ec4       0x2c /opt/Freescale/KDS_v3/toolchain/bin/../lib/gcc/arm-none-eabi/4.8.4/../../../../arm-none-eabi/lib/armv6-m/libg_s.a(lib_a-exit.o)
                0x00003ec4                exit
 .text.__libc_init_array
                0x00003ef0       0x4c /opt/Freescale/KDS_v3/toolchain/bin/../lib/gcc/arm-none-eabi/4.8.4/../../../../arm-none-eabi/lib/armv6-m/libg_s.a(lib_a-init.o)
                0x00003ef0                __libc_init_array
 .text.memcpy   0x00003f3c       0x12 /opt/Freescale/KDS_v3/toolchain/bin/../lib/gcc/arm-none-eabi/4.8.4/../../../../arm-none-eabi/lib/armv6-m/libg_s.a(lib_a-memcpy-stub.o)
                0x00003f3c                memcpy
 .text.memset   0x00003f4e       0x10 /opt/Freescale/KDS_v3/toolchain/bin/../lib/gcc/arm-none-eabi/4.8.4/../../../../arm-none-eabi/lib/armv6-m/libg_s.a(lib_a-memset.o)
                0x00003f4e                memset
 .text.strlen   0x00003f5e        0xe /opt/Freescale/KDS_v3/toolchain/bin/../lib/gcc/arm-none-eabi/4.8.4/../../../../arm-none-eabi/lib/armv6-m/libg_s.a(lib_a-strlen.o)
                0x00003f5e                strlen
 .text._exit    0x00003f6c        0x4 /opt/Freescale/KDS_v3/toolchain/bin/../lib/gcc/arm-none-eabi/4.8.4/../../../../arm-none-eabi/lib/armv6-m/libnosys.a(_exit.o)
                0x00003f6c                _exit
 *(.rodata)
 .rodata        0x00003f70        0xc ./source/main.o
 .rodata        0x00003f7c        0x8 ./freertos/Source/tasks.o
 .rodata        0x00003f84       0x10 ./freertos/Source/timers.o
 .rodata        0x00003f94       0x34 ./drivers/fsl_clock.o
 .rodata        0x00003fc8       0x40 ./drivers/fsl_common.o
 .rodata        0x00004008       0x90 ./drivers/fsl_dspi.o
 .rodata        0x00004098      0x238 ./drivers/fsl_edma.o
 .rodata        0x000042d0       0x50 ./drivers/fsl_lpuart.o
 *(.rodata*)
 .rodata.prvProcessReceivedCommands
                0x00004320       0x28 ./freertos/Source/timers.o
 .rodata.__func__.6124
                0x00004348       0x18 ./drivers/fsl_clock.o
 .rodata.__func__.6727
                0x00004360       0x18 ./drivers/fsl_dspi.o
 .rodata.__func__.6731
                0x00004378       0x18 ./drivers/fsl_dspi.o
 .rodata.__func__.6560
                0x00004390       0x10 ./drivers/fsl_edma.o
 .rodata.__func__.6263
                0x000043a0       0x14 ./drivers/fsl_lpuart.o
 .rodata.__func__.6297
                0x000043b4        0xc ./drivers/fsl_lpuart.o
 .rodata.__func__.6319
                0x000043c0       0x18 ./drivers/fsl_lpuart.o
 .rodata.g_defaultClockConfigRun
                0x000043d8       0x1c ./board/clock_config.o
                0x000043d8                g_defaultClockConfigRun
 .rodata.str1.1
                0x000043f4        0x2 /opt/Freescale/KDS_v3/toolchain/bin/../lib/gcc/arm-none-eabi/4.8.4/../../../../arm-none-eabi/lib/armv6-m/libg_s.a(lib_a-impure.o)
 *fill*         0x000043f6        0x2 
 .rodata._global_impure_ptr
                0x000043f8        0x4 /opt/Freescale/KDS_v3/toolchain/bin/../lib/gcc/arm-none-eabi/4.8.4/../../../../arm-none-eabi/lib/armv6-m/libg_s.a(lib_a-impure.o)
                0x000043f8                _global_impure_ptr
 *(.glue_7)
 .glue_7        0x00000000        0x0 linker stubs
 *(.glue_7t)
 .glue_7t       0x00000000        0x0 linker stubs
 *(.eh_frame)
 .eh_frame      0x000043fc        0x0 /opt/Freescale/KDS_v3/toolchain/bin/../lib/gcc/arm-none-eabi/4.8.4/armv6-m/crtbegin.o
 *(.init)
 .init          0x000043fc        0x4 /opt/Freescale/KDS_v3/toolchain/bin/../lib/gcc/arm-none-eabi/4.8.4/armv6-m/crti.o
                0x000043fc                _init
 .init          0x00004400        0x8 /opt/Freescale/KDS_v3/toolchain/bin/../lib/gcc/arm-none-eabi/4.8.4/armv6-m/crtn.o
 *(.fini)
 .fini          0x00004408        0x4 /opt/Freescale/KDS_v3/toolchain/bin/../lib/gcc/arm-none-eabi/4.8.4/armv6-m/crti.o
                0x00004408                _fini
 .fini          0x0000440c        0x8 /opt/Freescale/KDS_v3/toolchain/bin/../lib/gcc/arm-none-eabi/4.8.4/armv6-m/crtn.o
                0x00004414                . = ALIGN (0x4)

.vfp11_veneer   0x00004414        0x0
 .vfp11_veneer  0x00000000        0x0 linker stubs

.v4_bx          0x00004414        0x0
 .v4_bx         0x00000000        0x0 linker stubs

.iplt           0x00004414        0x0
 .iplt          0x00000000        0x0 /opt/Freescale/KDS_v3/toolchain/bin/../lib/gcc/arm-none-eabi/4.8.4/armv6-m/crtbegin.o

.ARM.extab
 *(.ARM.extab* .gnu.linkonce.armextab.*)

.ARM            0x00004414        0x8
                0x00004414                __exidx_start = .
 *(.ARM.exidx*)
 .ARM.exidx     0x00004414        0x8 /opt/Freescale/KDS_v3/toolchain/bin/../lib/gcc/arm-none-eabi/4.8.4/../../../../arm-none-eabi/lib/armv6-m/crt0.o
                0x0000441c                __exidx_end = .

.rel.dyn        0x0000441c        0x0
 .rel.iplt      0x00000000        0x0 /opt/Freescale/KDS_v3/toolchain/bin/../lib/gcc/arm-none-eabi/4.8.4/armv6-m/crtbegin.o

.ctors          0x0000441c        0x0
                0x0000441c                __CTOR_LIST__ = .
 *crtbegin.o(.ctors)
 *crtbegin?.o(.ctors)
 *(EXCLUDE_FILE(*crtend.o *crtend?.o) .ctors)
 *(SORT(.ctors.*))
 *(.ctors)
                0x0000441c                __CTOR_END__ = .

.dtors          0x0000441c        0x0
                0x0000441c                __DTOR_LIST__ = .
 *crtbegin.o(.dtors)
 *crtbegin?.o(.dtors)
 *(EXCLUDE_FILE(*crtend.o *crtend?.o) .dtors)
 *(SORT(.dtors.*))
 *(.dtors)
                0x0000441c                __DTOR_END__ = .

.preinit_array  0x0000441c        0x0
                0x0000441c                PROVIDE (__preinit_array_start, .)
 *(.preinit_array*)
                0x0000441c                PROVIDE (__preinit_array_end, .)

.init_array     0x0000441c        0x4
                0x0000441c                PROVIDE (__init_array_start, .)
 *(SORT(.init_array.*))
 *(.init_array*)
 .init_array    0x0000441c        0x4 /opt/Freescale/KDS_v3/toolchain/bin/../lib/gcc/arm-none-eabi/4.8.4/armv6-m/crtbegin.o
                0x00004420                PROVIDE (__init_array_end, .)

.fini_array     0x00004420        0x4
                0x00004420                PROVIDE (__fini_array_start, .)
 *(SORT(.fini_array.*))
 *(.fini_array*)
 .fini_array    0x00004420        0x4 /opt/Freescale/KDS_v3/toolchain/bin/../lib/gcc/arm-none-eabi/4.8.4/armv6-m/crtbegin.o
                0x00004424                PROVIDE (__fini_array_end, .)
                0x00004424                __etext = .
                0x00004424                __DATA_ROM = .

.mtb            0x1fff8000        0x0
                0x1fff8000                . = ALIGN (0x8)
                0x1fff8000                _mtb_start = .
 *(.mtb_buf)
                0x1fff8000                . = ALIGN (0x8)
                0x1fff8000                _mtb_end = .

.interrupts_ram
                0x1fff8000        0x0
                0x1fff8000                . = ALIGN (0x4)
                0x1fff8000                __VECTOR_RAM__ = .
                0x1fff8000                __interrupts_ram_start__ = .
 *(.m_interrupts_ram)
                0x1fff8000                . = (. + M_VECTOR_RAM_SIZE)
                0x1fff8000                . = ALIGN (0x4)
                0x1fff8000                __interrupts_ram_end__ = .
                0x00000000                __VECTOR_RAM = DEFINED (__ram_vector_table__)?__VECTOR_RAM__:ORIGIN (m_interrupts)
                0x00000000                __RAM_VECTOR_TABLE_SIZE_BYTES = DEFINED (__ram_vector_table__)?(__interrupts_ram_end__ - __interrupts_ram_start__):0x0

.data           0x1fff8000       0x6c load address 0x00004424
                0x1fff8000                . = ALIGN (0x4)
                0x1fff8000                __DATA_RAM = .
                0x1fff8000                __data_start__ = .
 *(.data)
 *(.data*)
 .data.SystemCoreClock
                0x1fff8000        0x4 ./startup/system_MKW41Z4.o
                0x1fff8000                SystemCoreClock
 .data.uxCriticalNesting
                0x1fff8004        0x4 ./freertos/Source/portable/GCC/ARM_CM0/port.o
 .data.impure_data
                0x1fff8008       0x60 /opt/Freescale/KDS_v3/toolchain/bin/../lib/gcc/arm-none-eabi/4.8.4/../../../../arm-none-eabi/lib/armv6-m/libg_s.a(lib_a-impure.o)
 *(.jcr*)
 .jcr           0x1fff8068        0x0 /opt/Freescale/KDS_v3/toolchain/bin/../lib/gcc/arm-none-eabi/4.8.4/armv6-m/crtbegin.o
 .jcr           0x1fff8068        0x4 /opt/Freescale/KDS_v3/toolchain/bin/../lib/gcc/arm-none-eabi/4.8.4/armv6-m/crtend.o
                0x1fff806c                . = ALIGN (0x4)
                0x1fff806c                __data_end__ = .
                0x00004490                __DATA_END = (__DATA_ROM + (__data_end__ - __data_start__))
                0x00080000                text_end = (ORIGIN (m_text) + 0x7fbf0)
                0x00000001                ASSERT ((__DATA_END <= text_end), region m_text overflowed with text and data)

.igot.plt       0x1fff806c        0x0 load address 0x00004490
 .igot.plt      0x00000000        0x0 /opt/Freescale/KDS_v3/toolchain/bin/../lib/gcc/arm-none-eabi/4.8.4/armv6-m/crtbegin.o

.bss            0x1fff806c     0x29fc load address 0x00004490
                0x1fff806c                . = ALIGN (0x4)
                0x1fff806c                __START_BSS = .
                0x1fff806c                __bss_start__ = .
 *(.bss)
 .bss           0x1fff806c       0x1c /opt/Freescale/KDS_v3/toolchain/bin/../lib/gcc/arm-none-eabi/4.8.4/armv6-m/crtbegin.o
 *(.bss*)
 .bss.s_debugConsole
                0x1fff8088       0x10 ./utilities/fsl_debug_console.o
 .bss.ucHeap    0x1fff8098     0x2800 ./freertos/Source/portable/MemMang/heap_4.o
 .bss.xStart    0x1fffa898        0x8 ./freertos/Source/portable/MemMang/heap_4.o
 .bss.pxEnd     0x1fffa8a0        0x4 ./freertos/Source/portable/MemMang/heap_4.o
 .bss.xFreeBytesRemaining
                0x1fffa8a4        0x4 ./freertos/Source/portable/MemMang/heap_4.o
 .bss.xMinimumEverFreeBytesRemaining
                0x1fffa8a8        0x4 ./freertos/Source/portable/MemMang/heap_4.o
 .bss.xBlockAllocatedBit
                0x1fffa8ac        0x4 ./freertos/Source/portable/MemMang/heap_4.o
 .bss.pxCurrentTCB
                0x1fffa8b0        0x4 ./freertos/Source/tasks.o
                0x1fffa8b0                pxCurrentTCB
 .bss.pxReadyTasksLists
                0x1fffa8b4       0x64 ./freertos/Source/tasks.o
 .bss.xDelayedTaskList1
                0x1fffa918       0x14 ./freertos/Source/tasks.o
 .bss.xDelayedTaskList2
                0x1fffa92c       0x14 ./freertos/Source/tasks.o
 .bss.pxDelayedTaskList
                0x1fffa940        0x4 ./freertos/Source/tasks.o
 .bss.pxOverflowDelayedTaskList
                0x1fffa944        0x4 ./freertos/Source/tasks.o
 .bss.xPendingReadyList
                0x1fffa948       0x14 ./freertos/Source/tasks.o
 .bss.xTasksWaitingTermination
                0x1fffa95c       0x14 ./freertos/Source/tasks.o
 .bss.uxTasksDeleted
                0x1fffa970        0x4 ./freertos/Source/tasks.o
 .bss.xSuspendedTaskList
                0x1fffa974       0x14 ./freertos/Source/tasks.o
 .bss.uxCurrentNumberOfTasks
                0x1fffa988        0x4 ./freertos/Source/tasks.o
 .bss.xTickCount
                0x1fffa98c        0x4 ./freertos/Source/tasks.o
 .bss.uxTopReadyPriority
                0x1fffa990        0x4 ./freertos/Source/tasks.o
 .bss.xSchedulerRunning
                0x1fffa994        0x4 ./freertos/Source/tasks.o
 .bss.uxPendedTicks
                0x1fffa998        0x4 ./freertos/Source/tasks.o
 .bss.xYieldPending
                0x1fffa99c        0x4 ./freertos/Source/tasks.o
 .bss.xNumOfOverflows
                0x1fffa9a0        0x4 ./freertos/Source/tasks.o
 .bss.uxTaskNumber
                0x1fffa9a4        0x4 ./freertos/Source/tasks.o
 .bss.xNextTaskUnblockTime
                0x1fffa9a8        0x4 ./freertos/Source/tasks.o
 .bss.uxSchedulerSuspended
                0x1fffa9ac        0x4 ./freertos/Source/tasks.o
 .bss.xActiveTimerList1
                0x1fffa9b0       0x14 ./freertos/Source/timers.o
 .bss.xActiveTimerList2
                0x1fffa9c4       0x14 ./freertos/Source/timers.o
 .bss.pxCurrentTimerList
                0x1fffa9d8        0x4 ./freertos/Source/timers.o
 .bss.pxOverflowTimerList
                0x1fffa9dc        0x4 ./freertos/Source/timers.o
 .bss.xTimerQueue
                0x1fffa9e0        0x4 ./freertos/Source/timers.o
 .bss.xLastTime.5190
                0x1fffa9e4        0x4 ./freertos/Source/timers.o
 .bss.g_dspiHandle
                0x1fffa9e8        0x8 ./drivers/fsl_dspi.o
 .bss.s_dspiMasterIsr
                0x1fffa9f0        0x4 ./drivers/fsl_dspi.o
 .bss.s_dspiSlaveIsr
                0x1fffa9f4        0x4 ./drivers/fsl_dspi.o
 .bss.s_EDMAHandle
                0x1fffa9f8       0x10 ./drivers/fsl_edma.o
 .bss.s_i2cHandle
                0x1fffaa08        0x8 ./drivers/fsl_i2c.o
 .bss.s_i2cMasterIsr
                0x1fffaa10        0x4 ./drivers/fsl_i2c.o
 .bss.s_i2cSlaveIsr
                0x1fffaa14        0x4 ./drivers/fsl_i2c.o
 .bss.s_lpuartHandle
                0x1fffaa18        0x4 ./drivers/fsl_lpuart.o
 .bss.s_lpuartIsr
                0x1fffaa1c        0x4 ./drivers/fsl_lpuart.o
 *(COMMON)
 COMMON         0x1fffaa20       0x40 ./freertos/Source/queue.o
                0x1fffaa20                xQueueRegistry
 COMMON         0x1fffaa60        0x8 ./drivers/fsl_clock.o
                0x1fffaa60                g_xtal32Freq
                0x1fffaa64                g_xtal0Freq
                0x1fffaa68                . = ALIGN (0x4)
                0x1fffaa68                __bss_end__ = .
                0x1fffaa68                __END_BSS = .

.heap           0x1fffaa68      0x400 load address 0x00006e8c
                0x1fffaa68                . = ALIGN (0x8)
                0x1fffaa68                __end__ = .
                0x1fffaa68                PROVIDE (end, .)
                0x1fffaa68                __HeapBase = .
                0x1fffae68                . = (. + HEAP_SIZE)
 *fill*         0x1fffaa68      0x400 
                0x1fffae68                __HeapLimit = .
                0x1fffae68                __heap_limit = .

.stack          0x1fffae68      0x400 load address 0x0000728c
                0x1fffae68                . = ALIGN (0x8)
                0x1fffb268                . = (. + STACK_SIZE)
 *fill*         0x1fffae68      0x400 
                0x20018000                __StackTop = (ORIGIN (m_data) + 0x20000)
                0x20017c00                __StackLimit = (__StackTop - STACK_SIZE)
                0x20018000                PROVIDE (__stack, __StackTop)

.ARM.attributes
                0x00000000       0x28
 *(.ARM.attributes)
 .ARM.attributes
                0x00000000       0x1e /opt/Freescale/KDS_v3/toolchain/bin/../lib/gcc/arm-none-eabi/4.8.4/armv6-m/crti.o
 .ARM.attributes
                0x0000001e       0x2c /opt/Freescale/KDS_v3/toolchain/bin/../lib/gcc/arm-none-eabi/4.8.4/armv6-m/crtbegin.o
 .ARM.attributes
                0x0000004a       0x1b /opt/Freescale/KDS_v3/toolchain/bin/../lib/gcc/arm-none-eabi/4.8.4/../../../../arm-none-eabi/lib/armv6-m/crt0.o
 .ARM.attributes
                0x00000065       0x32 ./utilities/fsl_debug_console.o
 .ARM.attributes
                0x00000097       0x1b ./startup/startup_MKW41Z4.o
 .ARM.attributes
                0x000000b2       0x32 ./startup/system_MKW41Z4.o
 .ARM.attributes
                0x000000e4       0x32 ./source/main.o
 .ARM.attributes
                0x00000116       0x32 ./freertos/Source/portable/MemMang/heap_4.o
 .ARM.attributes
                0x00000148       0x32 ./freertos/Source/portable/GCC/ARM_CM0/port.o
 .ARM.attributes
                0x0000017a       0x32 ./freertos/Source/list.o
 .ARM.attributes
                0x000001ac       0x32 ./freertos/Source/queue.o
 .ARM.attributes
                0x000001de       0x32 ./freertos/Source/tasks.o
 .ARM.attributes
                0x00000210       0x32 ./freertos/Source/timers.o
 .ARM.attributes
                0x00000242       0x32 ./drivers/fsl_clock.o
 .ARM.attributes
                0x00000274       0x32 ./drivers/fsl_common.o
 .ARM.attributes
                0x000002a6       0x32 ./drivers/fsl_dspi.o
 .ARM.attributes
                0x000002d8       0x32 ./drivers/fsl_edma.o
 .ARM.attributes
                0x0000030a       0x32 ./drivers/fsl_i2c.o
 .ARM.attributes
                0x0000033c       0x32 ./drivers/fsl_lpuart.o
 .ARM.attributes
                0x0000036e       0x32 ./board/board.o
 .ARM.attributes
                0x000003a0       0x32 ./board/clock_config.o
 .ARM.attributes
                0x000003d2       0x32 ./board/pin_mux.o
 .ARM.attributes
                0x00000404       0x1e /opt/Freescale/KDS_v3/toolchain/bin/../lib/gcc/arm-none-eabi/4.8.4/armv6-m/libgcc.a(_udivsi3.o)
 .ARM.attributes
                0x00000422       0x1e /opt/Freescale/KDS_v3/toolchain/bin/../lib/gcc/arm-none-eabi/4.8.4/armv6-m/libgcc.a(_divsi3.o)
 .ARM.attributes
                0x00000440       0x1e /opt/Freescale/KDS_v3/toolchain/bin/../lib/gcc/arm-none-eabi/4.8.4/armv6-m/libgcc.a(_dvmd_tls.o)
 .ARM.attributes
                0x0000045e       0x2c /opt/Freescale/KDS_v3/toolchain/bin/../lib/gcc/arm-none-eabi/4.8.4/../../../../arm-none-eabi/lib/armv6-m/libg_s.a(lib_a-exit.o)
 .ARM.attributes
                0x0000048a       0x2c /opt/Freescale/KDS_v3/toolchain/bin/../lib/gcc/arm-none-eabi/4.8.4/../../../../arm-none-eabi/lib/armv6-m/libg_s.a(lib_a-impure.o)
 .ARM.attributes
                0x000004b6       0x2c /opt/Freescale/KDS_v3/toolchain/bin/../lib/gcc/arm-none-eabi/4.8.4/../../../../arm-none-eabi/lib/armv6-m/libg_s.a(lib_a-init.o)
 .ARM.attributes
                0x000004e2       0x2c /opt/Freescale/KDS_v3/toolchain/bin/../lib/gcc/arm-none-eabi/4.8.4/../../../../arm-none-eabi/lib/armv6-m/libg_s.a(lib_a-memcpy-stub.o)
 .ARM.attributes
                0x0000050e       0x2c /opt/Freescale/KDS_v3/toolchain/bin/../lib/gcc/arm-none-eabi/4.8.4/../../../../arm-none-eabi/lib/armv6-m/libg_s.a(lib_a-memset.o)
 .ARM.attributes
                0x0000053a       0x2c /opt/Freescale/KDS_v3/toolchain/bin/../lib/gcc/arm-none-eabi/4.8.4/../../../../arm-none-eabi/lib/armv6-m/libg_s.a(lib_a-strlen.o)
 .ARM.attributes
                0x00000566       0x2c /opt/Freescale/KDS_v3/toolchain/bin/../lib/gcc/arm-none-eabi/4.8.4/../../../../arm-none-eabi/lib/armv6-m/libnosys.a(_exit.o)
 .ARM.attributes
                0x00000592       0x2c /opt/Freescale/KDS_v3/toolchain/bin/../lib/gcc/arm-none-eabi/4.8.4/armv6-m/crtend.o
 .ARM.attributes
                0x000005be       0x1e /opt/Freescale/KDS_v3/toolchain/bin/../lib/gcc/arm-none-eabi/4.8.4/armv6-m/crtn.o
                0x00000001                ASSERT ((__StackLimit >= __HeapLimit), region m_data overflowed with stack and heap)
OUTPUT(hello_world_demo.elf elf32-littlearm)

.debug_info     0x00000000     0xd9a8
 .debug_info    0x00000000      0xb74 ./utilities/fsl_debug_console.o
 .debug_info    0x00000b74       0x77 ./startup/startup_MKW41Z4.o
 .debug_info    0x00000beb      0x3c4 ./startup/system_MKW41Z4.o
 .debug_info    0x00000faf       0xe5 ./source/main.o
 .debug_info    0x00001094      0x2fe ./freertos/Source/portable/MemMang/heap_4.o
 .debug_info    0x00001392      0x25b ./freertos/Source/portable/GCC/ARM_CM0/port.o
 .debug_info    0x000015ed      0x2a1 ./freertos/Source/list.o
 .debug_info    0x0000188e      0xc49 ./freertos/Source/queue.o
 .debug_info    0x000024d7     0x157d ./freertos/Source/tasks.o
 .debug_info    0x00003a54      0x9c3 ./freertos/Source/timers.o
 .debug_info    0x00004417     0x1329 ./drivers/fsl_clock.o
 .debug_info    0x00005740      0x426 ./drivers/fsl_common.o
 .debug_info    0x00005b66     0x1ebb ./drivers/fsl_dspi.o
 .debug_info    0x00007a21     0x1c21 ./drivers/fsl_edma.o
 .debug_info    0x00009642     0x1a14 ./drivers/fsl_i2c.o
 .debug_info    0x0000b056     0x156e ./drivers/fsl_lpuart.o
 .debug_info    0x0000c5c4      0x34a ./board/board.o
 .debug_info    0x0000c90e      0xd21 ./board/clock_config.o
 .debug_info    0x0000d62f      0x379 ./board/pin_mux.o

.debug_abbrev   0x00000000     0x22aa
 .debug_abbrev  0x00000000      0x249 ./utilities/fsl_debug_console.o
 .debug_abbrev  0x00000249       0x14 ./startup/startup_MKW41Z4.o
 .debug_abbrev  0x0000025d      0x109 ./startup/system_MKW41Z4.o
 .debug_abbrev  0x00000366       0x93 ./source/main.o
 .debug_abbrev  0x000003f9      0x15b ./freertos/Source/portable/MemMang/heap_4.o
 .debug_abbrev  0x00000554      0x19d ./freertos/Source/portable/GCC/ARM_CM0/port.o
 .debug_abbrev  0x000006f1       0xc1 ./freertos/Source/list.o
 .debug_abbrev  0x000007b2      0x192 ./freertos/Source/queue.o
 .debug_abbrev  0x00000944      0x229 ./freertos/Source/tasks.o
 .debug_abbrev  0x00000b6d      0x1ae ./freertos/Source/timers.o
 .debug_abbrev  0x00000d1b      0x2b8 ./drivers/fsl_clock.o
 .debug_abbrev  0x00000fd3      0x1e8 ./drivers/fsl_common.o
 .debug_abbrev  0x000011bb      0x2d7 ./drivers/fsl_dspi.o
 .debug_abbrev  0x00001492      0x393 ./drivers/fsl_edma.o
 .debug_abbrev  0x00001825      0x2e8 ./drivers/fsl_i2c.o
 .debug_abbrev  0x00001b0d      0x358 ./drivers/fsl_lpuart.o
 .debug_abbrev  0x00001e65      0x109 ./board/board.o
 .debug_abbrev  0x00001f6e      0x213 ./board/clock_config.o
 .debug_abbrev  0x00002181      0x129 ./board/pin_mux.o

.debug_aranges  0x00000000      0xd78
 .debug_aranges
                0x00000000       0x90 ./utilities/fsl_debug_console.o
 .debug_aranges
                0x00000090       0x20 ./startup/startup_MKW41Z4.o
 .debug_aranges
                0x000000b0       0x28 ./startup/system_MKW41Z4.o
 .debug_aranges
                0x000000d8       0x28 ./source/main.o
 .debug_aranges
                0x00000100       0x50 ./freertos/Source/portable/MemMang/heap_4.o
 .debug_aranges
                0x00000150       0x88 ./freertos/Source/portable/GCC/ARM_CM0/port.o
 .debug_aranges
                0x000001d8       0x40 ./freertos/Source/list.o
 .debug_aranges
                0x00000218      0x100 ./freertos/Source/queue.o
 .debug_aranges
                0x00000318      0x1c0 ./freertos/Source/tasks.o
 .debug_aranges
                0x000004d8       0xa8 ./freertos/Source/timers.o
 .debug_aranges
                0x00000580      0x168 ./drivers/fsl_clock.o
 .debug_aranges
                0x000006e8       0x38 ./drivers/fsl_common.o
 .debug_aranges
                0x00000720      0x1a0 ./drivers/fsl_dspi.o
 .debug_aranges
                0x000008c0      0x168 ./drivers/fsl_edma.o
 .debug_aranges
                0x00000a28      0x170 ./drivers/fsl_i2c.o
 .debug_aranges
                0x00000b98      0x130 ./drivers/fsl_lpuart.o
 .debug_aranges
                0x00000cc8       0x28 ./board/board.o
 .debug_aranges
                0x00000cf0       0x58 ./board/clock_config.o
 .debug_aranges
                0x00000d48       0x30 ./board/pin_mux.o

.debug_ranges   0x00000000      0xc38
 .debug_ranges  0x00000000       0x80 ./utilities/fsl_debug_console.o
 .debug_ranges  0x00000080       0x18 ./startup/system_MKW41Z4.o
 .debug_ranges  0x00000098       0x18 ./source/main.o
 .debug_ranges  0x000000b0       0x40 ./freertos/Source/portable/MemMang/heap_4.o
 .debug_ranges  0x000000f0       0x78 ./freertos/Source/portable/GCC/ARM_CM0/port.o
 .debug_ranges  0x00000168       0x30 ./freertos/Source/list.o
 .debug_ranges  0x00000198       0xf0 ./freertos/Source/queue.o
 .debug_ranges  0x00000288      0x1b0 ./freertos/Source/tasks.o
 .debug_ranges  0x00000438       0x98 ./freertos/Source/timers.o
 .debug_ranges  0x000004d0      0x158 ./drivers/fsl_clock.o
 .debug_ranges  0x00000628       0x28 ./drivers/fsl_common.o
 .debug_ranges  0x00000650      0x190 ./drivers/fsl_dspi.o
 .debug_ranges  0x000007e0      0x158 ./drivers/fsl_edma.o
 .debug_ranges  0x00000938      0x160 ./drivers/fsl_i2c.o
 .debug_ranges  0x00000a98      0x120 ./drivers/fsl_lpuart.o
 .debug_ranges  0x00000bb8       0x18 ./board/board.o
 .debug_ranges  0x00000bd0       0x48 ./board/clock_config.o
 .debug_ranges  0x00000c18       0x20 ./board/pin_mux.o

.debug_macro    0x00000000    0x13b19
 .debug_macro   0x00000000      0x1e2 ./utilities/fsl_debug_console.o
 .debug_macro   0x000001e2      0x80e ./utilities/fsl_debug_console.o
 .debug_macro   0x000009f0       0x58 ./utilities/fsl_debug_console.o
 .debug_macro   0x00000a48       0x58 ./utilities/fsl_debug_console.o
 .debug_macro   0x00000aa0       0x16 ./utilities/fsl_debug_console.o
 .debug_macro   0x00000ab6       0x35 ./utilities/fsl_debug_console.o
 .debug_macro   0x00000aeb       0xa3 ./utilities/fsl_debug_console.o
 .debug_macro   0x00000b8e       0x16 ./utilities/fsl_debug_console.o
 .debug_macro   0x00000ba4      0x10e ./utilities/fsl_debug_console.o
 .debug_macro   0x00000cb2       0x7f ./utilities/fsl_debug_console.o
 .debug_macro   0x00000d31       0x4a ./utilities/fsl_debug_console.o
 .debug_macro   0x00000d7b       0x52 ./utilities/fsl_debug_console.o
 .debug_macro   0x00000dcd       0x16 ./utilities/fsl_debug_console.o
 .debug_macro   0x00000de3       0x43 ./utilities/fsl_debug_console.o
 .debug_macro   0x00000e26      0x180 ./utilities/fsl_debug_console.o
 .debug_macro   0x00000fa6       0x16 ./utilities/fsl_debug_console.o
 .debug_macro   0x00000fbc       0x29 ./utilities/fsl_debug_console.o
 .debug_macro   0x00000fe5      0x1e1 ./utilities/fsl_debug_console.o
 .debug_macro   0x000011c6       0x16 ./utilities/fsl_debug_console.o
 .debug_macro   0x000011dc       0x22 ./utilities/fsl_debug_console.o
 .debug_macro   0x000011fe      0x20f ./utilities/fsl_debug_console.o
 .debug_macro   0x0000140d      0x2a6 ./utilities/fsl_debug_console.o
 .debug_macro   0x000016b3       0x10 ./utilities/fsl_debug_console.o
 .debug_macro   0x000016c3       0x35 ./utilities/fsl_debug_console.o
 .debug_macro   0x000016f8       0x1f ./utilities/fsl_debug_console.o
 .debug_macro   0x00001717       0x10 ./utilities/fsl_debug_console.o
 .debug_macro   0x00001727       0x3f ./utilities/fsl_debug_console.o
 .debug_macro   0x00001766       0x3a ./utilities/fsl_debug_console.o
 .debug_macro   0x000017a0       0x26 ./utilities/fsl_debug_console.o
 .debug_macro   0x000017c6      0x329 ./utilities/fsl_debug_console.o
 .debug_macro   0x00001aef       0x3a ./utilities/fsl_debug_console.o
 .debug_macro   0x00001b29     0xe399 ./utilities/fsl_debug_console.o
 .debug_macro   0x0000fec2     0x12d0 ./utilities/fsl_debug_console.o
 .debug_macro   0x00011192       0x2e ./utilities/fsl_debug_console.o
 .debug_macro   0x000111c0       0xe9 ./utilities/fsl_debug_console.o
 .debug_macro   0x000112a9       0x35 ./utilities/fsl_debug_console.o
 .debug_macro   0x000112de       0x3a ./utilities/fsl_debug_console.o
 .debug_macro   0x00011318       0x10 ./utilities/fsl_debug_console.o
 .debug_macro   0x00011328       0x9a ./startup/system_MKW41Z4.o
 .debug_macro   0x000113c2       0x44 ./startup/system_MKW41Z4.o
 .debug_macro   0x00011406      0x23d ./source/main.o
 .debug_macro   0x00011643       0x16 ./source/main.o
 .debug_macro   0x00011659      0x11e ./source/main.o
 .debug_macro   0x00011777      0x121 ./source/main.o
 .debug_macro   0x00011898      0x15d ./source/main.o
 .debug_macro   0x000119f5       0xb6 ./source/main.o
 .debug_macro   0x00011aab       0x10 ./source/main.o
 .debug_macro   0x00011abb       0x1f ./source/main.o
 .debug_macro   0x00011ada      0x3bc ./source/main.o
 .debug_macro   0x00011e96       0xc0 ./source/main.o
 .debug_macro   0x00011f56       0x9a ./source/main.o
 .debug_macro   0x00011ff0       0xb0 ./source/main.o
 .debug_macro   0x000120a0       0x91 ./source/main.o
 .debug_macro   0x00012131      0x163 ./freertos/Source/portable/MemMang/heap_4.o
 .debug_macro   0x00012294      0x121 ./freertos/Source/portable/MemMang/heap_4.o
 .debug_macro   0x000123b5      0x142 ./freertos/Source/portable/GCC/ARM_CM0/port.o
 .debug_macro   0x000124f7      0x13c ./freertos/Source/list.o
 .debug_macro   0x00012633      0x1cc ./freertos/Source/queue.o
 .debug_macro   0x000127ff      0x20f ./freertos/Source/tasks.o
 .debug_macro   0x00012a0e       0x11 ./freertos/Source/tasks.o
 .debug_macro   0x00012a1f      0x179 ./freertos/Source/timers.o
 .debug_macro   0x00012b98      0x240 ./drivers/fsl_clock.o
 .debug_macro   0x00012dd8      0x18d ./drivers/fsl_common.o
 .debug_macro   0x00012f65      0x189 ./drivers/fsl_dspi.o
 .debug_macro   0x000130ee       0x3a ./drivers/fsl_dspi.o
 .debug_macro   0x00013128      0x18f ./drivers/fsl_edma.o
 .debug_macro   0x000132b7       0x16 ./drivers/fsl_edma.o
 .debug_macro   0x000132cd      0x189 ./drivers/fsl_i2c.o
 .debug_macro   0x00013456       0x10 ./drivers/fsl_i2c.o
 .debug_macro   0x00013466      0x18a ./drivers/fsl_lpuart.o
 .debug_macro   0x000135f0      0x1aa ./board/board.o
 .debug_macro   0x0001379a       0x10 ./board/board.o
 .debug_macro   0x000137aa       0x40 ./board/board.o
 .debug_macro   0x000137ea      0x18c ./board/clock_config.o
 .debug_macro   0x00013976       0x10 ./board/clock_config.o
 .debug_macro   0x00013986      0x183 ./board/pin_mux.o
 .debug_macro   0x00013b09       0x10 ./board/pin_mux.o

.debug_line     0x00000000     0x7461
 .debug_line    0x00000000      0x79f ./utilities/fsl_debug_console.o
 .debug_line    0x0000079f       0xbd ./startup/startup_MKW41Z4.o
 .debug_line    0x0000085c      0x26e ./startup/system_MKW41Z4.o
 .debug_line    0x00000aca      0x484 ./source/main.o
 .debug_line    0x00000f4e      0x403 ./freertos/Source/portable/MemMang/heap_4.o
 .debug_line    0x00001351      0x36e ./freertos/Source/portable/GCC/ARM_CM0/port.o
 .debug_line    0x000016bf      0x34a ./freertos/Source/list.o
 .debug_line    0x00001a09      0x918 ./freertos/Source/queue.o
 .debug_line    0x00002321      0xd57 ./freertos/Source/tasks.o
 .debug_line    0x00003078      0x570 ./freertos/Source/timers.o
 .debug_line    0x000035e8      0x8a9 ./drivers/fsl_clock.o
 .debug_line    0x00003e91      0x3cc ./drivers/fsl_common.o
 .debug_line    0x0000425d      0xaeb ./drivers/fsl_dspi.o
 .debug_line    0x00004d48      0x98e ./drivers/fsl_edma.o
 .debug_line    0x000056d6      0xa5d ./drivers/fsl_i2c.o
 .debug_line    0x00006133      0x807 ./drivers/fsl_lpuart.o
 .debug_line    0x0000693a      0x39a ./board/board.o
 .debug_line    0x00006cd4      0x41e ./board/clock_config.o
 .debug_line    0x000070f2      0x36f ./board/pin_mux.o

.debug_str      0x00000000    0xa9f83
 .debug_str     0x00000000    0x9d3c0 ./utilities/fsl_debug_console.o
                              0x9d824 (size before relaxing)
 .debug_str     0x0009d3c0      0x145 ./startup/system_MKW41Z4.o
                              0x99492 (size before relaxing)
 .debug_str     0x0009d505     0x5090 ./source/main.o
                              0xa11ef (size before relaxing)
 .debug_str     0x000a2595      0x2a8 ./freertos/Source/portable/MemMang/heap_4.o
                               0x7c3a (size before relaxing)
 .debug_str     0x000a283d      0x584 ./freertos/Source/portable/GCC/ARM_CM0/port.o
                               0x6bd7 (size before relaxing)
 .debug_str     0x000a2dc1      0x125 ./freertos/Source/list.o
                               0x7386 (size before relaxing)
 .debug_str     0x000a2ee6      0x70e ./freertos/Source/queue.o
                               0x9b9f (size before relaxing)
 .debug_str     0x000a35f4     0x1036 ./freertos/Source/tasks.o
                               0xa346 (size before relaxing)
 .debug_str     0x000a462a      0x477 ./freertos/Source/timers.o
                               0x9198 (size before relaxing)
 .debug_str     0x000a4aa1     0x129f ./drivers/fsl_clock.o
                              0x9d93c (size before relaxing)
 .debug_str     0x000a5d40      0x2e5 ./drivers/fsl_common.o
                              0x9c571 (size before relaxing)
 .debug_str     0x000a6025     0x14dd ./drivers/fsl_dspi.o
                              0x9dcb6 (size before relaxing)
 .debug_str     0x000a7502      0xd97 ./drivers/fsl_edma.o
                              0x9d850 (size before relaxing)
 .debug_str     0x000a8299      0xbcf ./drivers/fsl_i2c.o
                              0x9d63d (size before relaxing)
 .debug_str     0x000a8e68      0x9c1 ./drivers/fsl_lpuart.o
                              0x9d5c7 (size before relaxing)
 .debug_str     0x000a9829       0x4c ./board/board.o
                              0x9ccde (size before relaxing)
 .debug_str     0x000a9875      0x5f1 ./board/clock_config.o
                              0x9cea3 (size before relaxing)
 .debug_str     0x000a9e66      0x11d ./board/pin_mux.o
                              0x9c481 (size before relaxing)

.comment        0x00000000       0x70
 .comment       0x00000000       0x70 ./utilities/fsl_debug_console.o
                                 0x71 (size before relaxing)
 .comment       0x00000000       0x71 ./startup/system_MKW41Z4.o
 .comment       0x00000000       0x71 ./source/main.o
 .comment       0x00000000       0x71 ./freertos/Source/portable/MemMang/heap_4.o
 .comment       0x00000000       0x71 ./freertos/Source/portable/GCC/ARM_CM0/port.o
 .comment       0x00000000       0x71 ./freertos/Source/list.o
 .comment       0x00000000       0x71 ./freertos/Source/queue.o
 .comment       0x00000000       0x71 ./freertos/Source/tasks.o
 .comment       0x00000000       0x71 ./freertos/Source/timers.o
 .comment       0x00000000       0x71 ./drivers/fsl_clock.o
 .comment       0x00000000       0x71 ./drivers/fsl_common.o
 .comment       0x00000000       0x71 ./drivers/fsl_dspi.o
 .comment       0x00000000       0x71 ./drivers/fsl_edma.o
 .comment       0x00000000       0x71 ./drivers/fsl_i2c.o
 .comment       0x00000000       0x71 ./drivers/fsl_lpuart.o
 .comment       0x00000000       0x71 ./board/board.o
 .comment       0x00000000       0x71 ./board/clock_config.o
 .comment       0x00000000       0x71 ./board/pin_mux.o

.debug_frame    0x00000000     0x2ff4
 .debug_frame   0x00000000      0x1ec ./utilities/fsl_debug_console.o
 .debug_frame   0x000001ec       0x4c ./startup/system_MKW41Z4.o
 .debug_frame   0x00000238       0x50 ./source/main.o
 .debug_frame   0x00000288       0xe4 ./freertos/Source/portable/MemMang/heap_4.o
 .debug_frame   0x0000036c      0x174 ./freertos/Source/portable/GCC/ARM_CM0/port.o
 .debug_frame   0x000004e0       0xb0 ./freertos/Source/list.o
 .debug_frame   0x00000590      0x3b0 ./freertos/Source/queue.o
 .debug_frame   0x00000940      0x69c ./freertos/Source/tasks.o
 .debug_frame   0x00000fdc      0x24c ./freertos/Source/timers.o
 .debug_frame   0x00001228      0x524 ./drivers/fsl_clock.o
 .debug_frame   0x0000174c       0x90 ./drivers/fsl_common.o
 .debug_frame   0x000017dc      0x628 ./drivers/fsl_dspi.o
 .debug_frame   0x00001e04      0x540 ./drivers/fsl_edma.o
 .debug_frame   0x00002344      0x568 ./drivers/fsl_i2c.o
 .debug_frame   0x000028ac      0x468 ./drivers/fsl_lpuart.o
 .debug_frame   0x00002d14       0x50 ./board/board.o
 .debug_frame   0x00002d64      0x108 ./board/clock_config.o
 .debug_frame   0x00002e6c       0x6c ./board/pin_mux.o
 .debug_frame   0x00002ed8       0x20 /opt/Freescale/KDS_v3/toolchain/bin/../lib/gcc/arm-none-eabi/4.8.4/armv6-m/libgcc.a(_udivsi3.o)
 .debug_frame   0x00002ef8       0x20 /opt/Freescale/KDS_v3/toolchain/bin/../lib/gcc/arm-none-eabi/4.8.4/armv6-m/libgcc.a(_divsi3.o)
 .debug_frame   0x00002f18       0x28 /opt/Freescale/KDS_v3/toolchain/bin/../lib/gcc/arm-none-eabi/4.8.4/../../../../arm-none-eabi/lib/armv6-m/libg_s.a(lib_a-exit.o)
 .debug_frame   0x00002f40       0x2c /opt/Freescale/KDS_v3/toolchain/bin/../lib/gcc/arm-none-eabi/4.8.4/../../../../arm-none-eabi/lib/armv6-m/libg_s.a(lib_a-init.o)
 .debug_frame   0x00002f6c       0x28 /opt/Freescale/KDS_v3/toolchain/bin/../lib/gcc/arm-none-eabi/4.8.4/../../../../arm-none-eabi/lib/armv6-m/libg_s.a(lib_a-memcpy-stub.o)
 .debug_frame   0x00002f94       0x20 /opt/Freescale/KDS_v3/toolchain/bin/../lib/gcc/arm-none-eabi/4.8.4/../../../../arm-none-eabi/lib/armv6-m/libg_s.a(lib_a-memset.o)
 .debug_frame   0x00002fb4       0x20 /opt/Freescale/KDS_v3/toolchain/bin/../lib/gcc/arm-none-eabi/4.8.4/../../../../arm-none-eabi/lib/armv6-m/libg_s.a(lib_a-strlen.o)
 .debug_frame   0x00002fd4       0x20 /opt/Freescale/KDS_v3/toolchain/bin/../lib/gcc/arm-none-eabi/4.8.4/../../../../arm-none-eabi/lib/armv6-m/libnosys.a(_exit.o)
